  Determining projects to restore...
  All projects are up-to-date for restore.
  InsiderThreat.Shared -> C:\InsiderThreat-System\InsiderThreat-System\src\InsiderThreat.Shared\bin\Debug\net8.0\InsiderThreat.Shared.dll
C:\Users\ASUS\dotnet\sdk\8.0.419\Microsoft.Common.CurrentVersion.targets(5321,5): warning MSB3026: Could not copy "C:\InsiderThreat-System\InsiderThreat-System\src\InsiderThreat.Server\obj\Debug\net8.0\apphost.exe" to "bin\Debug\net8.0\InsiderThreat.Server.exe". Beginning retry 1 in 1000ms. The process cannot access the file 'C:\InsiderThreat-System\InsiderThreat-System\src\InsiderThreat.Server\bin\Debug\net8.0\InsiderThreat.Server.exe' because it is being used by another process. The file is locked by: "InsiderThreat.Server (45808)" [C:\InsiderThreat-System\InsiderThreat-System\src\InsiderThreat.Server\InsiderThreat.Server.csproj]
C:\Users\ASUS\dotnet\sdk\8.0.419\Microsoft.Common.CurrentVersion.targets(5321,5): warning MSB3026: Could not copy "C:\InsiderThreat-System\InsiderThreat-System\src\InsiderThreat.Server\obj\Debug\net8.0\apphost.exe" to "bin\Debug\net8.0\InsiderThreat.Server.exe". Beginning retry 2 in 1000ms. The process cannot access the file 'C:\InsiderThreat-System\InsiderThreat-System\src\InsiderThreat.Server\bin\Debug\net8.0\InsiderThreat.Server.exe' because it is being used by another process. The file is locked by: "InsiderThreat.Server (45808)" [C:\InsiderThreat-System\InsiderThreat-System\src\InsiderThreat.Server\InsiderThreat.Server.csproj]
C:\Users\ASUS\dotnet\sdk\8.0.419\Microsoft.Common.CurrentVersion.targets(5321,5): warning MSB3026: Could not copy "C:\InsiderThreat-System\InsiderThreat-System\src\InsiderThreat.Server\obj\Debug\net8.0\apphost.exe" to "bin\Debug\net8.0\InsiderThreat.Server.exe". Beginning retry 3 in 1000ms. The process cannot access the file 'C:\InsiderThreat-System\InsiderThreat-System\src\InsiderThreat.Server\bin\Debug\net8.0\InsiderThreat.Server.exe' because it is being used by another process. The file is locked by: "InsiderThreat.Server (45808)" [C:\InsiderThreat-System\InsiderThreat-System\src\InsiderThreat.Server\InsiderThreat.Server.csproj]
C:\Users\ASUS\dotnet\sdk\8.0.419\Microsoft.Common.CurrentVersion.targets(5321,5): warning MSB3026: Could not copy "C:\InsiderThreat-System\InsiderThreat-System\src\InsiderThreat.Server\obj\Debug\net8.0\apphost.exe" to "bin\Debug\net8.0\InsiderThreat.Server.exe". Beginning retry 4 in 1000ms. The process cannot access the file 'C:\InsiderThreat-System\InsiderThreat-System\src\InsiderThreat.Server\bin\Debug\net8.0\InsiderThreat.Server.exe' because it is being used by another process. The file is locked by: "InsiderThreat.Server (45808)" [C:\InsiderThreat-System\InsiderThreat-System\src\InsiderThreat.Server\InsiderThreat.Server.csproj]
C:\Users\ASUS\dotnet\sdk\8.0.419\Microsoft.Common.CurrentVersion.targets(5321,5): warning MSB3026: Could not copy "C:\InsiderThreat-System\InsiderThreat-System\src\InsiderThreat.Server\obj\Debug\net8.0\apphost.exe" to "bin\Debug\net8.0\InsiderThreat.Server.exe". Beginning retry 5 in 1000ms. The process cannot access the file 'C:\InsiderThreat-System\InsiderThreat-System\src\InsiderThreat.Server\bin\Debug\net8.0\InsiderThreat.Server.exe' because it is being used by another process. The file is locked by: "InsiderThreat.Server (45808)" [C:\InsiderThreat-System\InsiderThreat-System\src\InsiderThreat.Server\InsiderThreat.Server.csproj]
C:\Users\ASUS\dotnet\sdk\8.0.419\Microsoft.Common.CurrentVersion.targets(5321,5): warning MSB3026: Could not copy "C:\InsiderThreat-System\InsiderThreat-System\src\InsiderThreat.Server\obj\Debug\net8.0\apphost.exe" to "bin\Debug\net8.0\InsiderThreat.Server.exe". Beginning retry 6 in 1000ms. The process cannot access the file 'C:\InsiderThreat-System\InsiderThreat-System\src\InsiderThreat.Server\bin\Debug\net8.0\InsiderThreat.Server.exe' because it is being used by another process. The file is locked by: "InsiderThreat.Server (45808)" [C:\InsiderThreat-System\InsiderThreat-System\src\InsiderThreat.Server\InsiderThreat.Server.csproj]
C:\Users\ASUS\dotnet\sdk\8.0.419\Microsoft.Common.CurrentVersion.targets(5321,5): warning MSB3026: Could not copy "C:\InsiderThreat-System\InsiderThreat-System\src\InsiderThreat.Server\obj\Debug\net8.0\apphost.exe" to "bin\Debug\net8.0\InsiderThreat.Server.exe". Beginning retry 7 in 1000ms. The process cannot access the file 'C:\InsiderThreat-System\InsiderThreat-System\src\InsiderThreat.Server\bin\Debug\net8.0\InsiderThreat.Server.exe' because it is being used by another process. The file is locked by: "InsiderThreat.Server (45808)" [C:\InsiderThreat-System\InsiderThreat-System\src\InsiderThreat.Server\InsiderThreat.Server.csproj]
C:\Users\ASUS\dotnet\sdk\8.0.419\Microsoft.Common.CurrentVersion.targets(5321,5): warning MSB3026: Could not copy "C:\InsiderThreat-System\InsiderThreat-System\src\InsiderThreat.Server\obj\Debug\net8.0\apphost.exe" to "bin\Debug\net8.0\InsiderThreat.Server.exe". Beginning retry 8 in 1000ms. The process cannot access the file 'C:\InsiderThreat-System\InsiderThreat-System\src\InsiderThreat.Server\bin\Debug\net8.0\InsiderThreat.Server.exe' because it is being used by another process. The file is locked by: "InsiderThreat.Server (45808)" [C:\InsiderThreat-System\InsiderThreat-System\src\InsiderThreat.Server\InsiderThreat.Server.csproj]
C:\Users\ASUS\dotnet\sdk\8.0.419\Microsoft.Common.CurrentVersion.targets(5321,5): warning MSB3026: Could not copy "C:\InsiderThreat-System\InsiderThreat-System\src\InsiderThreat.Server\obj\Debug\net8.0\apphost.exe" to "bin\Debug\net8.0\InsiderThreat.Server.exe". Beginning retry 9 in 1000ms. The process cannot access the file 'C:\InsiderThreat-System\InsiderThreat-System\src\InsiderThreat.Server\bin\Debug\net8.0\InsiderThreat.Server.exe' because it is being used by another process. The file is locked by: "InsiderThreat.Server (45808)" [C:\InsiderThreat-System\InsiderThreat-System\src\InsiderThreat.Server\InsiderThreat.Server.csproj]
C:\Users\ASUS\dotnet\sdk\8.0.419\Microsoft.Common.CurrentVersion.targets(5321,5): warning MSB3026: Could not copy "C:\InsiderThreat-System\InsiderThreat-System\src\InsiderThreat.Server\obj\Debug\net8.0\apphost.exe" to "bin\Debug\net8.0\InsiderThreat.Server.exe". Beginning retry 10 in 1000ms. The process cannot access the file 'C:\InsiderThreat-System\InsiderThreat-System\src\InsiderThreat.Server\bin\Debug\net8.0\InsiderThreat.Server.exe' because it is being used by another process. The file is locked by: "InsiderThreat.Server (45808)" [C:\InsiderThreat-System\InsiderThreat-System\src\InsiderThreat.Server\InsiderThreat.Server.csproj]
C:\Users\ASUS\dotnet\sdk\8.0.419\Microsoft.Common.CurrentVersion.targets(5321,5): error MSB3027: Could not copy "C:\InsiderThreat-System\InsiderThreat-System\src\InsiderThreat.Server\obj\Debug\net8.0\apphost.exe" to "bin\Debug\net8.0\InsiderThreat.Server.exe". Exceeded retry count of 10. Failed. The file is locked by: "InsiderThreat.Server (45808)" [C:\InsiderThreat-System\InsiderThreat-System\src\InsiderThreat.Server\InsiderThreat.Server.csproj]
C:\Users\ASUS\dotnet\sdk\8.0.419\Microsoft.Common.CurrentVersion.targets(5321,5): error MSB3021: Unable to copy file "C:\InsiderThreat-System\InsiderThreat-System\src\InsiderThreat.Server\obj\Debug\net8.0\apphost.exe" to "bin\Debug\net8.0\InsiderThreat.Server.exe". The process cannot access the file 'C:\InsiderThreat-System\InsiderThreat-System\src\InsiderThreat.Server\bin\Debug\net8.0\InsiderThreat.Server.exe' because it is being used by another process. [C:\InsiderThreat-System\InsiderThreat-System\src\InsiderThreat.Server\InsiderThreat.Server.csproj]

Build FAILED.

C:\Users\ASUS\dotnet\sdk\8.0.419\Microsoft.Common.CurrentVersion.targets(5321,5): warning MSB3026: Could not copy "C:\InsiderThreat-System\InsiderThreat-System\src\InsiderThreat.Server\obj\Debug\net8.0\apphost.exe" to "bin\Debug\net8.0\InsiderThreat.Server.exe". Beginning retry 1 in 1000ms. The process cannot access the file 'C:\InsiderThreat-System\InsiderThreat-System\src\InsiderThreat.Server\bin\Debug\net8.0\InsiderThreat.Server.exe' because it is being used by another process. The file is locked by: "InsiderThreat.Server (45808)" [C:\InsiderThreat-System\InsiderThreat-System\src\InsiderThreat.Server\InsiderThreat.Server.csproj]
C:\Users\ASUS\dotnet\sdk\8.0.419\Microsoft.Common.CurrentVersion.targets(5321,5): warning MSB3026: Could not copy "C:\InsiderThreat-System\InsiderThreat-System\src\InsiderThreat.Server\obj\Debug\net8.0\apphost.exe" to "bin\Debug\net8.0\InsiderThreat.Server.exe". Beginning retry 2 in 1000ms. The process cannot access the file 'C:\InsiderThreat-System\InsiderThreat-System\src\InsiderThreat.Server\bin\Debug\net8.0\InsiderThreat.Server.exe' because it is being used by another process. The file is locked by: "InsiderThreat.Server (45808)" [C:\InsiderThreat-System\InsiderThreat-System\src\InsiderThreat.Server\InsiderThreat.Server.csproj]
C:\Users\ASUS\dotnet\sdk\8.0.419\Microsoft.Common.CurrentVersion.targets(5321,5): warning MSB3026: Could not copy "C:\InsiderThreat-System\InsiderThreat-System\src\InsiderThreat.Server\obj\Debug\net8.0\apphost.exe" to "bin\Debug\net8.0\InsiderThreat.Server.exe". Beginning retry 3 in 1000ms. The process cannot access the file 'C:\InsiderThreat-System\InsiderThreat-System\src\InsiderThreat.Server\bin\Debug\net8.0\InsiderThreat.Server.exe' because it is being used by another process. The file is locked by: "InsiderThreat.Server (45808)" [C:\InsiderThreat-System\InsiderThreat-System\src\InsiderThreat.Server\InsiderThreat.Server.csproj]
C:\Users\ASUS\dotnet\sdk\8.0.419\Microsoft.Common.CurrentVersion.targets(5321,5): warning MSB3026: Could not copy "C:\InsiderThreat-System\InsiderThreat-System\src\InsiderThreat.Server\obj\Debug\net8.0\apphost.exe" to "bin\Debug\net8.0\InsiderThreat.Server.exe". Beginning retry 4 in 1000ms. The process cannot access the file 'C:\InsiderThreat-System\InsiderThreat-System\src\InsiderThreat.Server\bin\Debug\net8.0\InsiderThreat.Server.exe' because it is being used by another process. The file is locked by: "InsiderThreat.Server (45808)" [C:\InsiderThreat-System\InsiderThreat-System\src\InsiderThreat.Server\InsiderThreat.Server.csproj]
C:\Users\ASUS\dotnet\sdk\8.0.419\Microsoft.Common.CurrentVersion.targets(5321,5): warning MSB3026: Could not copy "C:\InsiderThreat-System\InsiderThreat-System\src\InsiderThreat.Server\obj\Debug\net8.0\apphost.exe" to "bin\Debug\net8.0\InsiderThreat.Server.exe". Beginning retry 5 in 1000ms. The process cannot access the file 'C:\InsiderThreat-System\InsiderThreat-System\src\InsiderThreat.Server\bin\Debug\net8.0\InsiderThreat.Server.exe' because it is being used by another process. The file is locked by: "InsiderThreat.Server (45808)" [C:\InsiderThreat-System\InsiderThreat-System\src\InsiderThreat.Server\InsiderThreat.Server.csproj]
C:\Users\ASUS\dotnet\sdk\8.0.419\Microsoft.Common.CurrentVersion.targets(5321,5): warning MSB3026: Could not copy "C:\InsiderThreat-System\InsiderThreat-System\src\InsiderThreat.Server\obj\Debug\net8.0\apphost.exe" to "bin\Debug\net8.0\InsiderThreat.Server.exe". Beginning retry 6 in 1000ms. The process cannot access the file 'C:\InsiderThreat-System\InsiderThreat-System\src\InsiderThreat.Server\bin\Debug\net8.0\InsiderThreat.Server.exe' because it is being used by another process. The file is locked by: "InsiderThreat.Server (45808)" [C:\InsiderThreat-System\InsiderThreat-System\src\InsiderThreat.Server\InsiderThreat.Server.csproj]
C:\Users\ASUS\dotnet\sdk\8.0.419\Microsoft.Common.CurrentVersion.targets(5321,5): warning MSB3026: Could not copy "C:\InsiderThreat-System\InsiderThreat-System\src\InsiderThreat.Server\obj\Debug\net8.0\apphost.exe" to "bin\Debug\net8.0\InsiderThreat.Server.exe". Beginning retry 7 in 1000ms. The process cannot access the file 'C:\InsiderThreat-System\InsiderThreat-System\src\InsiderThreat.Server\bin\Debug\net8.0\InsiderThreat.Server.exe' because it is being used by another process. The file is locked by: "InsiderThreat.Server (45808)" [C:\InsiderThreat-System\InsiderThreat-System\src\InsiderThreat.Server\InsiderThreat.Server.csproj]
C:\Users\ASUS\dotnet\sdk\8.0.419\Microsoft.Common.CurrentVersion.targets(5321,5): warning MSB3026: Could not copy "C:\InsiderThreat-System\InsiderThreat-System\src\InsiderThreat.Server\obj\Debug\net8.0\apphost.exe" to "bin\Debug\net8.0\InsiderThreat.Server.exe". Beginning retry 8 in 1000ms. The process cannot access the file 'C:\InsiderThreat-System\InsiderThreat-System\src\InsiderThreat.Server\bin\Debug\net8.0\InsiderThreat.Server.exe' because it is being used by another process. The file is locked by: "InsiderThreat.Server (45808)" [C:\InsiderThreat-System\InsiderThreat-System\src\InsiderThreat.Server\InsiderThreat.Server.csproj]
C:\Users\ASUS\dotnet\sdk\8.0.419\Microsoft.Common.CurrentVersion.targets(5321,5): warning MSB3026: Could not copy "C:\InsiderThreat-System\InsiderThreat-System\src\InsiderThreat.Server\obj\Debug\net8.0\apphost.exe" to "bin\Debug\net8.0\InsiderThreat.Server.exe". Beginning retry 9 in 1000ms. The process cannot access the file 'C:\InsiderThreat-System\InsiderThreat-System\src\InsiderThreat.Server\bin\Debug\net8.0\InsiderThreat.Server.exe' because it is being used by another process. The file is locked by: "InsiderThreat.Server (45808)" [C:\InsiderThreat-System\InsiderThreat-System\src\InsiderThreat.Server\InsiderThreat.Server.csproj]
C:\Users\ASUS\dotnet\sdk\8.0.419\Microsoft.Common.CurrentVersion.targets(5321,5): warning MSB3026: Could not copy "C:\InsiderThreat-System\InsiderThreat-System\src\InsiderThreat.Server\obj\Debug\net8.0\apphost.exe" to "bin\Debug\net8.0\InsiderThreat.Server.exe". Beginning retry 10 in 1000ms. The process cannot access the file 'C:\InsiderThreat-System\InsiderThreat-System\src\InsiderThreat.Server\bin\Debug\net8.0\InsiderThreat.Server.exe' because it is being used by another process. The file is locked by: "InsiderThreat.Server (45808)" [C:\InsiderThreat-System\InsiderThreat-System\src\InsiderThreat.Server\InsiderThreat.Server.csproj]
C:\Users\ASUS\dotnet\sdk\8.0.419\Microsoft.Common.CurrentVersion.targets(5321,5): error MSB3027: Could not copy "C:\InsiderThreat-System\InsiderThreat-System\src\InsiderThreat.Server\obj\Debug\net8.0\apphost.exe" to "bin\Debug\net8.0\InsiderThreat.Server.exe". Exceeded retry count of 10. Failed. The file is locked by: "InsiderThreat.Server (45808)" [C:\InsiderThreat-System\InsiderThreat-System\src\InsiderThreat.Server\InsiderThreat.Server.csproj]
C:\Users\ASUS\dotnet\sdk\8.0.419\Microsoft.Common.CurrentVersion.targets(5321,5): error MSB3021: Unable to copy file "C:\InsiderThreat-System\InsiderThreat-System\src\InsiderThreat.Server\obj\Debug\net8.0\apphost.exe" to "bin\Debug\net8.0\InsiderThreat.Server.exe". The process cannot access the file 'C:\InsiderThreat-System\InsiderThreat-System\src\InsiderThreat.Server\bin\Debug\net8.0\InsiderThreat.Server.exe' because it is being used by another process. [C:\InsiderThreat-System\InsiderThreat-System\src\InsiderThreat.Server\InsiderThreat.Server.csproj]
    10 Warning(s)
    2 Error(s)

Time Elapsed 00:00:12.80
